[     972ms] [ERROR] Failed to load resource: the server responded with a status of 500 (Internal Server Error) @ http://[::1]:5173/resources/js/pages/projects/show.tsx:0
[     988ms] [INFO] %cDownload the React DevTools for a better development experience: https://react.dev/link/react-devtools font-weight:bold @ http://[::1]:5173/node_modules/.vite/deps/react-dom_client.js?v=2fab139d:17803
[    1262ms] [ERROR] Failed to load resource: the server responded with a status of 500 (Internal Server Error) @ http://[::1]:5173/resources/js/pages/projects/show.tsx?t=1787744025261:0
[    2771ms] Failed to fetch dynamically imported module: http://[::1]:5173/resources/js/pages/projects/show.tsx?t=1787744025261
[    2389ms] [ERROR] Failed to load resource: the server responded with a status of 500 (Internal Server Error) @ http://[::1]:5173/resources/js/pages/projects/show.tsx:0
[    2442ms] [INFO] %cDownload the React DevTools for a better development experience: https://react.dev/link/react-devtools font-weight:bold @ http://[::1]:5173/node_modules/.vite/deps/react-dom_client.js?v=2fab139d:17803
[    2599ms] [ERROR] Failed to load resource: the server responded with a status of 500 (Internal Server Error) @ http://[::1]:5173/resources/js/pages/projects/show.tsx?t=1787744145470:0
[    4234ms] Failed to fetch dynamically imported module: http://[::1]:5173/resources/js/pages/projects/show.tsx?t=1787744145470
[    3491ms] [ERROR] Failed to load resource: the server responded with a status of 500 (Internal Server Error) @ http://[::1]:5173/resources/js/pages/projects/show.tsx:0
[    3555ms] [INFO] %cDownload the React DevTools for a better development experience: https://react.dev/link/react-devtools font-weight:bold @ http://[::1]:5173/node_modules/.vite/deps/react-dom_client.js?v=2fab139d:17803
[    3700ms] [ERROR] Failed to load resource: the server responded with a status of 500 (Internal Server Error) @ http://[::1]:5173/resources/js/pages/projects/show.tsx?t=1787744145470:0
[    5705ms] Failed to fetch dynamically imported module: http://[::1]:5173/resources/js/pages/projects/show.tsx?t=1787744145470
[    4866ms] [ERROR] Failed to load resource: the server responded with a status of 500 (Internal Server Error) @ http://[::1]:5173/resources/js/pages/projects/show.tsx:0
[    4903ms] [INFO] %cDownload the React DevTools for a better development experience: https://react.dev/link/react-devtools font-weight:bold @ http://[::1]:5173/node_modules/.vite/deps/react-dom_client.js?v=2fab139d:17803
[    5063ms] [ERROR] Failed to load resource: the server responded with a status of 500 (Internal Server Error) @ http://[::1]:5173/resources/js/pages/projects/show.tsx?t=1787744145470:0
[    6865ms] Failed to fetch dynamically imported module: http://[::1]:5173/resources/js/pages/projects/show.tsx?t=1787744145470
[    6416ms] [INFO] %cDownload the React DevTools for a better development experience: https://react.dev/link/react-devtools font-weight:bold @ http://[::1]:5173/node_modules/.vite/deps/react-dom_client.js?v=2fab139d:17803
[    6440ms] [ERROR] Failed to load resource: the server responded with a status of 500 (Internal Server Error) @ http://[::1]:5173/resources/js/pages/projects/show.tsx:0
[    6536ms] [ERROR] Failed to load resource: the server responded with a status of 500 (Internal Server Error) @ http://[::1]:5173/resources/js/pages/projects/show.tsx?t=1787744145470:0
[    9424ms] Failed to fetch dynamically imported module: http://[::1]:5173/resources/js/pages/projects/show.tsx?t=1787744145470
[    7455ms] [ERROR] Failed to load resource: the server responded with a status of 500 (Internal Server Error) @ http://[::1]:5173/resources/js/pages/projects/show.tsx:0
[    7484ms] [INFO] %cDownload the React DevTools for a better development experience: https://react.dev/link/react-devtools font-weight:bold @ http://[::1]:5173/node_modules/.vite/deps/react-dom_client.js?v=2fab139d:17803
[    7724ms] [ERROR] Failed to load resource: the server responded with a status of 500 (Internal Server Error) @ http://[::1]:5173/resources/js/pages/projects/show.tsx?t=1787744145470:0
[   10721ms] Failed to fetch dynamically imported module: http://[::1]:5173/resources/js/pages/projects/show.tsx?t=1787744145470
[    9157ms] [ERROR] Failed to load resource: the server responded with a status of 500 (Internal Server Error) @ http://[::1]:5173/resources/js/pages/projects/show.tsx:0
[    9189ms] [INFO] %cDownload the React DevTools for a better development experience: https://react.dev/link/react-devtools font-weight:bold @ http://[::1]:5173/node_modules/.vite/deps/react-dom_client.js?v=2fab139d:17803
[    9324ms] [ERROR] Failed to load resource: the server responded with a status of 500 (Internal Server Error) @ http://[::1]:5173/resources/js/pages/projects/show.tsx?t=1787744145470:0
[   12197ms] Failed to fetch dynamically imported module: http://[::1]:5173/resources/js/pages/projects/show.tsx?t=1787744145470
[    9979ms] [INFO] %cDownload the React DevTools for a better development experience: https://react.dev/link/react-devtools font-weight:bold @ http://[::1]:5173/node_modules/.vite/deps/react-dom_client.js?v=2fab139d:17803
[   10103ms] [ERROR] Failed to load resource: the server responded with a status of 500 (Internal Server Error) @ http://[::1]:5173/resources/js/pages/projects/show.tsx?t=1787744145470:0
[   10104ms] [ERROR] Failed to load resource: the server responded with a status of 500 (Internal Server Error) @ http://[::1]:5173/resources/js/pages/projects/show.tsx:0
[   12506ms] Failed to fetch dynamically imported module: http://[::1]:5173/resources/js/pages/projects/show.tsx?t=1787744145470
[   11410ms] [ERROR] Failed to load resource: the server responded with a status of 500 (Internal Server Error) @ http://[::1]:5173/resources/js/pages/projects/show.tsx:0
[   11458ms] [INFO] %cDownload the React DevTools for a better development experience: https://react.dev/link/react-devtools font-weight:bold @ http://[::1]:5173/node_modules/.vite/deps/react-dom_client.js?v=2fab139d:17803
[   11621ms] [ERROR] Failed to load resource: the server responded with a status of 500 (Internal Server Error) @ http://[::1]:5173/resources/js/pages/projects/show.tsx?t=1787744145470:0
[   12934ms] Failed to fetch dynamically imported module: http://[::1]:5173/resources/js/pages/projects/show.tsx?t=1787744145470
[   14432ms] [ERROR] Failed to load resource: the server responded with a status of 500 (Internal Server Error) @ http://[::1]:5173/resources/js/pages/projects/show.tsx:0
[   14617ms] [INFO] %cDownload the React DevTools for a better development experience: https://react.dev/link/react-devtools font-weight:bold @ http://[::1]:5173/node_modules/.vite/deps/react-dom_client.js?v=2fab139d:17803
[   14745ms] [ERROR] Failed to load resource: the server responded with a status of 500 (Internal Server Error) @ http://[::1]:5173/resources/js/pages/projects/show.tsx?t=1787744145470:0
[   15774ms] Failed to fetch dynamically imported module: http://[::1]:5173/resources/js/pages/projects/show.tsx?t=1787744145470
[   15528ms] [ERROR] Failed to load resource: the server responded with a status of 500 (Internal Server Error) @ http://[::1]:5173/resources/js/pages/projects/show.tsx:0
[   15569ms] [INFO] %cDownload the React DevTools for a better development experience: https://react.dev/link/react-devtools font-weight:bold @ http://[::1]:5173/node_modules/.vite/deps/react-dom_client.js?v=2fab139d:17803
[   15663ms] [ERROR] Failed to load resource: the server responded with a status of 500 (Internal Server Error) @ http://[::1]:5173/resources/js/pages/projects/show.tsx?t=1787744145470:0
[   17925ms] Failed to fetch dynamically imported module: http://[::1]:5173/resources/js/pages/projects/show.tsx?t=1787744145470
[   16567ms] [ERROR] Failed to load resource: the server responded with a status of 500 (Internal Server Error) @ http://[::1]:5173/resources/js/pages/projects/show.tsx:0
[   16591ms] [INFO] %cDownload the React DevTools for a better development experience: https://react.dev/link/react-devtools font-weight:bold @ http://[::1]:5173/node_modules/.vite/deps/react-dom_client.js?v=2fab139d:17803
[   16710ms] [ERROR] Failed to load resource: the server responded with a status of 500 (Internal Server Error) @ http://[::1]:5173/resources/js/pages/projects/show.tsx?t=1787744145470:0
[   18812ms] Failed to fetch dynamically imported module: http://[::1]:5173/resources/js/pages/projects/show.tsx?t=1787744145470
[   17774ms] [ERROR] Failed to load resource: the server responded with a status of 500 (Internal Server Error) @ http://[::1]:5173/resources/js/pages/projects/show.tsx:0
[   17798ms] [INFO] %cDownload the React DevTools for a better development experience: https://react.dev/link/react-devtools font-weight:bold @ http://[::1]:5173/node_modules/.vite/deps/react-dom_client.js?v=2fab139d:17803
[   17871ms] [ERROR] Failed to load resource: the server responded with a status of 500 (Internal Server Error) @ http://[::1]:5173/resources/js/pages/projects/show.tsx?t=1787744145470:0
[   19856ms] Failed to fetch dynamically imported module: http://[::1]:5173/resources/js/pages/projects/show.tsx?t=1787744145470
[   18443ms] [ERROR] Failed to load resource: the server responded with a status of 500 (Internal Server Error) @ http://[::1]:5173/resources/js/pages/projects/show.tsx:0
[   18468ms] [INFO] %cDownload the React DevTools for a better development experience: https://react.dev/link/react-devtools font-weight:bold @ http://[::1]:5173/node_modules/.vite/deps/react-dom_client.js?v=2fab139d:17803
[   18568ms] [ERROR] Failed to load resource: the server responded with a status of 500 (Internal Server Error) @ http://[::1]:5173/resources/js/pages/projects/show.tsx?t=1787744145470:0
[   20900ms] Failed to fetch dynamically imported module: http://[::1]:5173/resources/js/pages/projects/show.tsx?t=1787744145470
[   19376ms] [ERROR] Failed to load resource: the server responded with a status of 500 (Internal Server Error) @ http://[::1]:5173/resources/js/pages/projects/show.tsx:0
[   19409ms] [INFO] %cDownload the React DevTools for a better development experience: https://react.dev/link/react-devtools font-weight:bold @ http://[::1]:5173/node_modules/.vite/deps/react-dom_client.js?v=2fab139d:17803
[   19491ms] [ERROR] Failed to load resource: the server responded with a status of 500 (Internal Server Error) @ http://[::1]:5173/resources/js/pages/projects/show.tsx?t=1787744145470:0
[   21985ms] Failed to fetch dynamically imported module: http://[::1]:5173/resources/js/pages/projects/show.tsx?t=1787744145470
[   20422ms] [ERROR] Failed to load resource: the server responded with a status of 500 (Internal Server Error) @ http://[::1]:5173/resources/js/pages/projects/show.tsx:0
[   20456ms] [INFO] %cDownload the React DevTools for a better development experience: https://react.dev/link/react-devtools font-weight:bold @ http://[::1]:5173/node_modules/.vite/deps/react-dom_client.js?v=2fab139d:17803
[   20547ms] [ERROR] Failed to load resource: the server responded with a status of 500 (Internal Server Error) @ http://[::1]:5173/resources/js/pages/projects/show.tsx?t=1787744145470:0
[   23305ms] Failed to fetch dynamically imported module: http://[::1]:5173/resources/js/pages/projects/show.tsx?t=1787744145470
[   21539ms] [ERROR] Failed to load resource: the server responded with a status of 500 (Internal Server Error) @ http://[::1]:5173/resources/js/pages/projects/show.tsx:0
[   21562ms] [INFO] %cDownload the React DevTools for a better development experience: https://react.dev/link/react-devtools font-weight:bold @ http://[::1]:5173/node_modules/.vite/deps/react-dom_client.js?v=2fab139d:17803
[   21642ms] [ERROR] Failed to load resource: the server responded with a status of 500 (Internal Server Error) @ http://[::1]:5173/resources/js/pages/projects/show.tsx?t=1787744145470:0
[   24484ms] Failed to fetch dynamically imported module: http://[::1]:5173/resources/js/pages/projects/show.tsx?t=1787744145470
[   22580ms] [ERROR] Failed to load resource: the server responded with a status of 500 (Internal Server Error) @ http://[::1]:5173/resources/js/pages/projects/show.tsx:0
[   22609ms] [INFO] %cDownload the React DevTools for a better development experience: https://react.dev/link/react-devtools font-weight:bold @ http://[::1]:5173/node_modules/.vite/deps/react-dom_client.js?v=2fab139d:17803
[   22684ms] [ERROR] Failed to load resource: the server responded with a status of 500 (Internal Server Error) @ http://[::1]:5173/resources/js/pages/projects/show.tsx?t=1787744145470:0
[   25596ms] Failed to fetch dynamically imported module: http://[::1]:5173/resources/js/pages/projects/show.tsx?t=1787744145470
[   23977ms] [ERROR] Failed to load resource: the server responded with a status of 500 (Internal Server Error) @ http://[::1]:5173/resources/js/pages/projects/show.tsx:0
[   24010ms] [INFO] %cDownload the React DevTools for a better development experience: https://react.dev/link/react-devtools font-weight:bold @ http://[::1]:5173/node_modules/.vite/deps/react-dom_client.js?v=2fab139d:17803
[   24118ms] [ERROR] Failed to load resource: the server responded with a status of 500 (Internal Server Error) @ http://[::1]:5173/resources/js/pages/projects/show.tsx?t=1787744145470:0
[   27023ms] Failed to fetch dynamically imported module: http://[::1]:5173/resources/js/pages/projects/show.tsx?t=1787744145470
[   25135ms] [ERROR] Failed to load resource: the server responded with a status of 500 (Internal Server Error) @ http://[::1]:5173/resources/js/pages/projects/show.tsx:0
[   25173ms] [INFO] %cDownload the React DevTools for a better development experience: https://react.dev/link/react-devtools font-weight:bold @ http://[::1]:5173/node_modules/.vite/deps/react-dom_client.js?v=2fab139d:17803
[   25267ms] [ERROR] Failed to load resource: the server responded with a status of 500 (Internal Server Error) @ http://[::1]:5173/resources/js/pages/projects/show.tsx?t=1787744145470:0
[   28202ms] Failed to fetch dynamically imported module: http://[::1]:5173/resources/js/pages/projects/show.tsx?t=1787744145470
[   26402ms] [ERROR] Failed to load resource: the server responded with a status of 500 (Internal Server Error) @ http://[::1]:5173/resources/js/pages/projects/show.tsx:0
[   26433ms] [INFO] %cDownload the React DevTools for a better development experience: https://react.dev/link/react-devtools font-weight:bold @ http://[::1]:5173/node_modules/.vite/deps/react-dom_client.js?v=2fab139d:17803
[   26617ms] [ERROR] Failed to load resource: the server responded with a status of 500 (Internal Server Error) @ http://[::1]:5173/resources/js/pages/projects/show.tsx?t=1787744145470:0
[   29042ms] Failed to fetch dynamically imported module: http://[::1]:5173/resources/js/pages/projects/show.tsx?t=1787744145470
[   27979ms] [ERROR] Failed to load resource: the server responded with a status of 500 (Internal Server Error) @ http://[::1]:5173/resources/js/pages/projects/show.tsx:0
[   27996ms] [INFO] %cDownload the React DevTools for a better development experience: https://react.dev/link/react-devtools font-weight:bold @ http://[::1]:5173/node_modules/.vite/deps/react-dom_client.js?v=2fab139d:17803
[   28117ms] [ERROR] Failed to load resource: the server responded with a status of 500 (Internal Server Error) @ http://[::1]:5173/resources/js/pages/projects/show.tsx?t=1787744145470:0
[   29793ms] Failed to fetch dynamically imported module: http://[::1]:5173/resources/js/pages/projects/show.tsx?t=1787744145470
[   28717ms] [ERROR] Failed to load resource: the server responded with a status of 500 (Internal Server Error) @ http://[::1]:5173/resources/js/pages/projects/show.tsx:0
[   28851ms] [INFO] %cDownload the React DevTools for a better development experience: https://react.dev/link/react-devtools font-weight:bold @ http://[::1]:5173/node_modules/.vite/deps/react-dom_client.js?v=2fab139d:17803
[   28982ms] [ERROR] Failed to load resource: the server responded with a status of 500 (Internal Server Error) @ http://[::1]:5173/resources/js/pages/projects/show.tsx?t=1787744145470:0
[   30842ms] Failed to fetch dynamically imported module: http://[::1]:5173/resources/js/pages/projects/show.tsx?t=1787744145470
[   29571ms] [INFO] %cDownload the React DevTools for a better development experience: https://react.dev/link/react-devtools font-weight:bold @ http://[::1]:5173/node_modules/.vite/deps/react-dom_client.js?v=2fab139d:17803
[   29625ms] [ERROR] Failed to load resource: the server responded with a status of 500 (Internal Server Error) @ http://[::1]:5173/resources/js/pages/projects/show.tsx?t=1787744145470:0
[   31511ms] Failed to fetch dynamically imported module: http://[::1]:5173/resources/js/pages/projects/show.tsx?t=1787744145470
[   29632ms] [ERROR] Failed to load resource: the server responded with a status of 500 (Internal Server Error) @ http://[::1]:5173/resources/js/pages/projects/show.tsx:0
[   30501ms] [ERROR] Failed to load resource: the server responded with a status of 500 (Internal Server Error) @ http://[::1]:5173/resources/js/pages/projects/show.tsx:0
[   30536ms] [INFO] %cDownload the React DevTools for a better development experience: https://react.dev/link/react-devtools font-weight:bold @ http://[::1]:5173/node_modules/.vite/deps/react-dom_client.js?v=2fab139d:17803
[   30618ms] [ERROR] Failed to load resource: the server responded with a status of 500 (Internal Server Error) @ http://[::1]:5173/resources/js/pages/projects/show.tsx?t=1787744145470:0
[   31706ms] Failed to fetch dynamically imported module: http://[::1]:5173/resources/js/pages/projects/show.tsx?t=1787744145470
[   -6428ms] [INFO] %cDownload the React DevTools for a better development experience: https://react.dev/link/react-devtools font-weight:bold @ http://[::1]:5173/node_modules/.vite/deps/react-dom_client.js?v=2fab139d:17803
[     376ms] [ERROR] WebSocket connection to 'ws://[::1]:5173/?token=_CiBoCg5h8c0' failed: Page entered Back-Forward Cache. @ http://127.0.0.1:8000/projects:0
[     376ms] [ERROR] WebSocket connection to 'ws://localhost:8080/app/in13pajbbshqrvadbia5?protocol=7&client=js&version=8.6.0&flash=false' failed: Page entered Back-Forward Cache. @ http://127.0.0.1:8000/projects:0
[   33790ms] [INFO] %cDownload the React DevTools for a better development experience: https://react.dev/link/react-devtools font-weight:bold @ http://[::1]:5173/node_modules/.vite/deps/react-dom_client.js?v=2fab139d:17803
[   35426ms] [INFO] %cDownload the React DevTools for a better development experience: https://react.dev/link/react-devtools font-weight:bold @ http://[::1]:5173/node_modules/.vite/deps/react-dom_client.js?v=2fab139d:17803
[   37181ms] [INFO] %cDownload the React DevTools for a better development experience: https://react.dev/link/react-devtools font-weight:bold @ http://[::1]:5173/node_modules/.vite/deps/react-dom_client.js?v=2fab139d:17803
[   38526ms] [INFO] %cDownload the React DevTools for a better development experience: https://react.dev/link/react-devtools font-weight:bold @ http://[::1]:5173/node_modules/.vite/deps/react-dom_client.js?v=2fab139d:17803
[   40361ms] [INFO] %cDownload the React DevTools for a better development experience: https://react.dev/link/react-devtools font-weight:bold @ http://[::1]:5173/node_modules/.vite/deps/react-dom_client.js?v=2fab139d:17803
[   42295ms] [INFO] %cDownload the React DevTools for a better development experience: https://react.dev/link/react-devtools font-weight:bold @ http://[::1]:5173/node_modules/.vite/deps/react-dom_client.js?v=2fab139d:17803
[   43999ms] [INFO] %cDownload the React DevTools for a better development experience: https://react.dev/link/react-devtools font-weight:bold @ http://[::1]:5173/node_modules/.vite/deps/react-dom_client.js?v=2fab139d:17803
[   45280ms] [INFO] %cDownload the React DevTools for a better development experience: https://react.dev/link/react-devtools font-weight:bold @ http://[::1]:5173/node_modules/.vite/deps/react-dom_client.js?v=2fab139d:17803
[   47334ms] [INFO] %cDownload the React DevTools for a better development experience: https://react.dev/link/react-devtools font-weight:bold @ http://[::1]:5173/node_modules/.vite/deps/react-dom_client.js?v=2fab139d:17803
[   49354ms] [INFO] %cDownload the React DevTools for a better development experience: https://react.dev/link/react-devtools font-weight:bold @ http://[::1]:5173/node_modules/.vite/deps/react-dom_client.js?v=2fab139d:17803
[   51224ms] [INFO] %cDownload the React DevTools for a better development experience: https://react.dev/link/react-devtools font-weight:bold @ http://[::1]:5173/node_modules/.vite/deps/react-dom_client.js?v=2fab139d:17803
[   52792ms] [INFO] %cDownload the React DevTools for a better development experience: https://react.dev/link/react-devtools font-weight:bold @ http://[::1]:5173/node_modules/.vite/deps/react-dom_client.js?v=2fab139d:17803
[   54536ms] [INFO] %cDownload the React DevTools for a better development experience: https://react.dev/link/react-devtools font-weight:bold @ http://[::1]:5173/node_modules/.vite/deps/react-dom_client.js?v=2fab139d:17803
[   56112ms] [INFO] %cDownload the React DevTools for a better development experience: https://react.dev/link/react-devtools font-weight:bold @ http://[::1]:5173/node_modules/.vite/deps/react-dom_client.js?v=2fab139d:17803
[   58468ms] [INFO] %cDownload the React DevTools for a better development experience: https://react.dev/link/react-devtools font-weight:bold @ http://[::1]:5173/node_modules/.vite/deps/react-dom_client.js?v=2fab139d:17803
[   60616ms] [INFO] %cDownload the React DevTools for a better development experience: https://react.dev/link/react-devtools font-weight:bold @ http://[::1]:5173/node_modules/.vite/deps/react-dom_client.js?v=2fab139d:17803
[   63670ms] [INFO] %cDownload the React DevTools for a better development experience: https://react.dev/link/react-devtools font-weight:bold @ http://[::1]:5173/node_modules/.vite/deps/react-dom_client.js?v=2fab139d:17803
[   66368ms] [INFO] %cDownload the React DevTools for a better development experience: https://react.dev/link/react-devtools font-weight:bold @ http://[::1]:5173/node_modules/.vite/deps/react-dom_client.js?v=2fab139d:17803
[   68351ms] [INFO] %cDownload the React DevTools for a better development experience: https://react.dev/link/react-devtools font-weight:bold @ http://[::1]:5173/node_modules/.vite/deps/react-dom_client.js?v=2fab139d:17803
[   70315ms] [INFO] %cDownload the React DevTools for a better development experience: https://react.dev/link/react-devtools font-weight:bold @ http://[::1]:5173/node_modules/.vite/deps/react-dom_client.js?v=2fab139d:17803
[   72791ms] [INFO] %cDownload the React DevTools for a better development experience: https://react.dev/link/react-devtools font-weight:bold @ http://[::1]:5173/node_modules/.vite/deps/react-dom_client.js?v=2fab139d:17803
[   75564ms] [INFO] %cDownload the React DevTools for a better development experience: https://react.dev/link/react-devtools font-weight:bold @ http://[::1]:5173/node_modules/.vite/deps/react-dom_client.js?v=2fab139d:17803
[   78567ms] [INFO] %cDownload the React DevTools for a better development experience: https://react.dev/link/react-devtools font-weight:bold @ http://[::1]:5173/node_modules/.vite/deps/react-dom_client.js?v=2fab139d:17803
[   80364ms] [INFO] %cDownload the React DevTools for a better development experience: https://react.dev/link/react-devtools font-weight:bold @ http://[::1]:5173/node_modules/.vite/deps/react-dom_client.js?v=2fab139d:17803
[   82329ms] [INFO] %cDownload the React DevTools for a better development experience: https://react.dev/link/react-devtools font-weight:bold @ http://[::1]:5173/node_modules/.vite/deps/react-dom_client.js?v=2fab139d:17803
[   84469ms] [INFO] %cDownload the React DevTools for a better development experience: https://react.dev/link/react-devtools font-weight:bold @ http://[::1]:5173/node_modules/.vite/deps/react-dom_client.js?v=2fab139d:17803
[   86341ms] [INFO] %cDownload the React DevTools for a better development experience: https://react.dev/link/react-devtools font-weight:bold @ http://[::1]:5173/node_modules/.vite/deps/react-dom_client.js?v=2fab139d:17803
[   88556ms] [INFO] %cDownload the React DevTools for a better development experience: https://react.dev/link/react-devtools font-weight:bold @ http://[::1]:5173/node_modules/.vite/deps/react-dom_client.js?v=2fab139d:17803
[   90028ms] [INFO] %cDownload the React DevTools for a better development experience: https://react.dev/link/react-devtools font-weight:bold @ http://[::1]:5173/node_modules/.vite/deps/react-dom_client.js?v=2fab139d:17803
[   91488ms] [INFO] %cDownload the React DevTools for a better development experience: https://react.dev/link/react-devtools font-weight:bold @ http://[::1]:5173/node_modules/.vite/deps/react-dom_client.js?v=2fab139d:17803
[   92754ms] [INFO] %cDownload the React DevTools for a better development experience: https://react.dev/link/react-devtools font-weight:bold @ http://[::1]:5173/node_modules/.vite/deps/react-dom_client.js?v=2fab139d:17803
[   95325ms] [INFO] %cDownload the React DevTools for a better development experience: https://react.dev/link/react-devtools font-weight:bold @ http://[::1]:5173/node_modules/.vite/deps/react-dom_client.js?v=2fab139d:17803
[   96390ms] [INFO] %cDownload the React DevTools for a better development experience: https://react.dev/link/react-devtools font-weight:bold @ http://[::1]:5173/node_modules/.vite/deps/react-dom_client.js?v=2fab139d:17803
[   98748ms] [INFO] %cDownload the React DevTools for a better development experience: https://react.dev/link/react-devtools font-weight:bold @ http://[::1]:5173/node_modules/.vite/deps/react-dom_client.js?v=2fab139d:17803
[  100356ms] [INFO] %cDownload the React DevTools for a better development experience: https://react.dev/link/react-devtools font-weight:bold @ http://[::1]:5173/node_modules/.vite/deps/react-dom_client.js?v=2fab139d:17803
[  102319ms] [INFO] %cDownload the React DevTools for a better development experience: https://react.dev/link/react-devtools font-weight:bold @ http://[::1]:5173/node_modules/.vite/deps/react-dom_client.js?v=2fab139d:17803
[  104299ms] [INFO] %cDownload the React DevTools for a better development experience: https://react.dev/link/react-devtools font-weight:bold @ http://[::1]:5173/node_modules/.vite/deps/react-dom_client.js?v=2fab139d:17803
[  105317ms] [INFO] %cDownload the React DevTools for a better development experience: https://react.dev/link/react-devtools font-weight:bold @ http://[::1]:5173/node_modules/.vite/deps/react-dom_client.js?v=2fab139d:17803
[  107309ms] [INFO] %cDownload the React DevTools for a better development experience: https://react.dev/link/react-devtools font-weight:bold @ http://[::1]:5173/node_modules/.vite/deps/react-dom_client.js?v=2fab139d:17803
[  108320ms] [INFO] %cDownload the React DevTools for a better development experience: https://react.dev/link/react-devtools font-weight:bold @ http://[::1]:5173/node_modules/.vite/deps/react-dom_client.js?v=2fab139d:17803
[  110262ms] [INFO] %cDownload the React DevTools for a better development experience: https://react.dev/link/react-devtools font-weight:bold @ http://[::1]:5173/node_modules/.vite/deps/react-dom_client.js?v=2fab139d:17803
[  112409ms] [INFO] %cDownload the React DevTools for a better development experience: https://react.dev/link/react-devtools font-weight:bold @ http://[::1]:5173/node_modules/.vite/deps/react-dom_client.js?v=2fab139d:17803
[  113296ms] [INFO] %cDownload the React DevTools for a better development experience: https://react.dev/link/react-devtools font-weight:bold @ http://[::1]:5173/node_modules/.vite/deps/react-dom_client.js?v=2fab139d:17803
[  115709ms] [INFO] %cDownload the React DevTools for a better development experience: https://react.dev/link/react-devtools font-weight:bold @ http://[::1]:5173/node_modules/.vite/deps/react-dom_client.js?v=2fab139d:17803
[  117519ms] [INFO] %cDownload the React DevTools for a better development experience: https://react.dev/link/react-devtools font-weight:bold @ http://[::1]:5173/node_modules/.vite/deps/react-dom_client.js?v=2fab139d:17803
[  119474ms] [INFO] %cDownload the React DevTools for a better development experience: https://react.dev/link/react-devtools font-weight:bold @ http://[::1]:5173/node_modules/.vite/deps/react-dom_client.js?v=2fab139d:17803
[  121425ms] [INFO] %cDownload the React DevTools for a better development experience: https://react.dev/link/react-devtools font-weight:bold @ http://[::1]:5173/node_modules/.vite/deps/react-dom_client.js?v=2fab139d:17803
[  122318ms] [INFO] %cDownload the React DevTools for a better development experience: https://react.dev/link/react-devtools font-weight:bold @ http://[::1]:5173/node_modules/.vite/deps/react-dom_client.js?v=2fab139d:17803
[  124432ms] [INFO] %cDownload the React DevTools for a better development experience: https://react.dev/link/react-devtools font-weight:bold @ http://[::1]:5173/node_modules/.vite/deps/react-dom_client.js?v=2fab139d:17803
[  126313ms] [INFO] %cDownload the React DevTools for a better development experience: https://react.dev/link/react-devtools font-weight:bold @ http://[::1]:5173/node_modules/.vite/deps/react-dom_client.js?v=2fab139d:17803
[  128430ms] [INFO] %cDownload the React DevTools for a better development experience: https://react.dev/link/react-devtools font-weight:bold @ http://[::1]:5173/node_modules/.vite/deps/react-dom_client.js?v=2fab139d:17803
[  130484ms] [INFO] %cDownload the React DevTools for a better development experience: https://react.dev/link/react-devtools font-weight:bold @ http://[::1]:5173/node_modules/.vite/deps/react-dom_client.js?v=2fab139d:17803
[  132674ms] [INFO] %cDownload the React DevTools for a better development experience: https://react.dev/link/react-devtools font-weight:bold @ http://[::1]:5173/node_modules/.vite/deps/react-dom_client.js?v=2fab139d:17803
[  135314ms] [INFO] %cDownload the React DevTools for a better development experience: https://react.dev/link/react-devtools font-weight:bold @ http://[::1]:5173/node_modules/.vite/deps/react-dom_client.js?v=2fab139d:17803
[  137482ms] [INFO] %cDownload the React DevTools for a better development experience: https://react.dev/link/react-devtools font-weight:bold @ http://[::1]:5173/node_modules/.vite/deps/react-dom_client.js?v=2fab139d:17803
[  139300ms] [INFO] %cDownload the React DevTools for a better development experience: https://react.dev/link/react-devtools font-weight:bold @ http://[::1]:5173/node_modules/.vite/deps/react-dom_client.js?v=2fab139d:17803
[  140337ms] [INFO] %cDownload the React DevTools for a better development experience: https://react.dev/link/react-devtools font-weight:bold @ http://[::1]:5173/node_modules/.vite/deps/react-dom_client.js?v=2fab139d:17803
[  142474ms] [INFO] %cDownload the React DevTools for a better development experience: https://react.dev/link/react-devtools font-weight:bold @ http://[::1]:5173/node_modules/.vite/deps/react-dom_client.js?v=2fab139d:17803
[  143840ms] [INFO] %cDownload the React DevTools for a better development experience: https://react.dev/link/react-devtools font-weight:bold @ http://[::1]:5173/node_modules/.vite/deps/react-dom_client.js?v=2fab139d:17803
[  145376ms] [INFO] %cDownload the React DevTools for a better development experience: https://react.dev/link/react-devtools font-weight:bold @ http://[::1]:5173/node_modules/.vite/deps/react-dom_client.js?v=2fab139d:17803
[  146816ms] [INFO] %cDownload the React DevTools for a better development experience: https://react.dev/link/react-devtools font-weight:bold @ http://[::1]:5173/node_modules/.vite/deps/react-dom_client.js?v=2fab139d:17803
[  147860ms] [INFO] %cDownload the React DevTools for a better development experience: https://react.dev/link/react-devtools font-weight:bold @ http://[::1]:5173/node_modules/.vite/deps/react-dom_client.js?v=2fab139d:17803
[  149510ms] [INFO] %cDownload the React DevTools for a better development experience: https://react.dev/link/react-devtools font-weight:bold @ http://[::1]:5173/node_modules/.vite/deps/react-dom_client.js?v=2fab139d:17803
[  151003ms] [INFO] %cDownload the React DevTools for a better development experience: https://react.dev/link/react-devtools font-weight:bold @ http://[::1]:5173/node_modules/.vite/deps/react-dom_client.js?v=2fab139d:17803
[  152630ms] [INFO] %cDownload the React DevTools for a better development experience: https://react.dev/link/react-devtools font-weight:bold @ http://[::1]:5173/node_modules/.vite/deps/react-dom_client.js?v=2fab139d:17803
[  153920ms] [INFO] %cDownload the React DevTools for a better development experience: https://react.dev/link/react-devtools font-weight:bold @ http://[::1]:5173/node_modules/.vite/deps/react-dom_client.js?v=2fab139d:17803
[  154968ms] [ERROR] Failed to load resource: the server responded with a status of 500 (Internal Server Error) @ http://[::1]:5173/resources/js/pages/projects/show.tsx?t=1787744145470:0
[  155284ms] Failed to fetch dynamically imported module: http://[::1]:5173/resources/js/pages/projects/show.tsx?t=1787744145470
[  155702ms] [INFO] %cDownload the React DevTools for a better development experience: https://react.dev/link/react-devtools font-weight:bold @ http://[::1]:5173/node_modules/.vite/deps/react-dom_client.js?v=2fab139d:17803
[  157071ms] [INFO] %cDownload the React DevTools for a better development experience: https://react.dev/link/react-devtools font-weight:bold @ http://[::1]:5173/node_modules/.vite/deps/react-dom_client.js?v=2fab139d:17803
[  158232ms] [INFO] %cDownload the React DevTools for a better development experience: https://react.dev/link/react-devtools font-weight:bold @ http://[::1]:5173/node_modules/.vite/deps/react-dom_client.js?v=2fab139d:17803
[  159687ms] [INFO] %cDownload the React DevTools for a better development experience: https://react.dev/link/react-devtools font-weight:bold @ http://[::1]:5173/node_modules/.vite/deps/react-dom_client.js?v=2fab139d:17803
[  160812ms] [INFO] %cDownload the React DevTools for a better development experience: https://react.dev/link/react-devtools font-weight:bold @ http://[::1]:5173/node_modules/.vite/deps/react-dom_client.js?v=2fab139d:17803
[  161897ms] [ERROR] Failed to load resource: the server responded with a status of 500 (Internal Server Error) @ http://[::1]:5173/resources/js/pages/projects/show.tsx?t=1787744145470:0
[  162423ms] Failed to fetch dynamically imported module: http://[::1]:5173/resources/js/pages/projects/show.tsx?t=1787744145470
[  162435ms] Failed to fetch dynamically imported module: http://[::1]:5173/resources/js/pages/projects/show.tsx?t=1787744145470
[  162745ms] [INFO] %cDownload the React DevTools for a better development experience: https://react.dev/link/react-devtools font-weight:bold @ http://[::1]:5173/node_modules/.vite/deps/react-dom_client.js?v=2fab139d:17803
[  164281ms] [INFO] %cDownload the React DevTools for a better development experience: https://react.dev/link/react-devtools font-weight:bold @ http://[::1]:5173/node_modules/.vite/deps/react-dom_client.js?v=2fab139d:17803
[  165765ms] [INFO] %cDownload the React DevTools for a better development experience: https://react.dev/link/react-devtools font-weight:bold @ http://[::1]:5173/node_modules/.vite/deps/react-dom_client.js?v=2fab139d:17803
[  167319ms] [INFO] %cDownload the React DevTools for a better development experience: https://react.dev/link/react-devtools font-weight:bold @ http://[::1]:5173/node_modules/.vite/deps/react-dom_client.js?v=2fab139d:17803
[  168342ms] [INFO] %cDownload the React DevTools for a better development experience: https://react.dev/link/react-devtools font-weight:bold @ http://[::1]:5173/node_modules/.vite/deps/react-dom_client.js?v=2fab139d:17803
[  170530ms] [INFO] %cDownload the React DevTools for a better development experience: https://react.dev/link/react-devtools font-weight:bold @ http://[::1]:5173/node_modules/.vite/deps/react-dom_client.js?v=2fab139d:17803
[  172538ms] [INFO] %cDownload the React DevTools for a better development experience: https://react.dev/link/react-devtools font-weight:bold @ http://[::1]:5173/node_modules/.vite/deps/react-dom_client.js?v=2fab139d:17803
[  175803ms] [INFO] %cDownload the React DevTools for a better development experience: https://react.dev/link/react-devtools font-weight:bold @ http://[::1]:5173/node_modules/.vite/deps/react-dom_client.js?v=2fab139d:17803
[  178330ms] [INFO] %cDownload the React DevTools for a better development experience: https://react.dev/link/react-devtools font-weight:bold @ http://[::1]:5173/node_modules/.vite/deps/react-dom_client.js?v=2fab139d:17803
[  180550ms] [INFO] %cDownload the React DevTools for a better development experience: https://react.dev/link/react-devtools font-weight:bold @ http://[::1]:5173/node_modules/.vite/deps/react-dom_client.js?v=2fab139d:17803
[  183714ms] [INFO] %cDownload the React DevTools for a better development experience: https://react.dev/link/react-devtools font-weight:bold @ http://[::1]:5173/node_modules/.vite/deps/react-dom_client.js?v=2fab139d:17803
[  186386ms] [INFO] %cDownload the React DevTools for a better development experience: https://react.dev/link/react-devtools font-weight:bold @ http://[::1]:5173/node_modules/.vite/deps/react-dom_client.js?v=2fab139d:17803
[  188320ms] [INFO] %cDownload the React DevTools for a better development experience: https://react.dev/link/react-devtools font-weight:bold @ http://[::1]:5173/node_modules/.vite/deps/react-dom_client.js?v=2fab139d:17803
[  190293ms] [INFO] %cDownload the React DevTools for a better development experience: https://react.dev/link/react-devtools font-weight:bold @ http://[::1]:5173/node_modules/.vite/deps/react-dom_client.js?v=2fab139d:17803
[  192433ms] [INFO] %cDownload the React DevTools for a better development experience: https://react.dev/link/react-devtools font-weight:bold @ http://[::1]:5173/node_modules/.vite/deps/react-dom_client.js?v=2fab139d:17803
[  194321ms] [INFO] %cDownload the React DevTools for a better development experience: https://react.dev/link/react-devtools font-weight:bold @ http://[::1]:5173/node_modules/.vite/deps/react-dom_client.js?v=2fab139d:17803
[  196390ms] [INFO] %cDownload the React DevTools for a better development experience: https://react.dev/link/react-devtools font-weight:bold @ http://[::1]:5173/node_modules/.vite/deps/react-dom_client.js?v=2fab139d:17803
[  198429ms] [INFO] %cDownload the React DevTools for a better development experience: https://react.dev/link/react-devtools font-weight:bold @ http://[::1]:5173/node_modules/.vite/deps/react-dom_client.js?v=2fab139d:17803
[  200430ms] [INFO] %cDownload the React DevTools for a better development experience: https://react.dev/link/react-devtools font-weight:bold @ http://[::1]:5173/node_modules/.vite/deps/react-dom_client.js?v=2fab139d:17803
[  202568ms] [INFO] %cDownload the React DevTools for a better development experience: https://react.dev/link/react-devtools font-weight:bold @ http://[::1]:5173/node_modules/.vite/deps/react-dom_client.js?v=2fab139d:17803
[  205508ms] [INFO] %cDownload the React DevTools for a better development experience: https://react.dev/link/react-devtools font-weight:bold @ http://[::1]:5173/node_modules/.vite/deps/react-dom_client.js?v=2fab139d:17803
[  207842ms] [INFO] %cDownload the React DevTools for a better development experience: https://react.dev/link/react-devtools font-weight:bold @ http://[::1]:5173/node_modules/.vite/deps/react-dom_client.js?v=2fab139d:17803
[  210423ms] [INFO] %cDownload the React DevTools for a better development experience: https://react.dev/link/react-devtools font-weight:bold @ http://[::1]:5173/node_modules/.vite/deps/react-dom_client.js?v=2fab139d:17803
[  212385ms] [INFO] %cDownload the React DevTools for a better development experience: https://react.dev/link/react-devtools font-weight:bold @ http://[::1]:5173/node_modules/.vite/deps/react-dom_client.js?v=2fab139d:17803
[  214448ms] [INFO] %cDownload the React DevTools for a better development experience: https://react.dev/link/react-devtools font-weight:bold @ http://[::1]:5173/node_modules/.vite/deps/react-dom_client.js?v=2fab139d:17803
[  216294ms] [INFO] %cDownload the React DevTools for a better development experience: https://react.dev/link/react-devtools font-weight:bold @ http://[::1]:5173/node_modules/.vite/deps/react-dom_client.js?v=2fab139d:17803
[  218520ms] [INFO] %cDownload the React DevTools for a better development experience: https://react.dev/link/react-devtools font-weight:bold @ http://[::1]:5173/node_modules/.vite/deps/react-dom_client.js?v=2fab139d:17803
[  219871ms] [INFO] %cDownload the React DevTools for a better development experience: https://react.dev/link/react-devtools font-weight:bold @ http://[::1]:5173/node_modules/.vite/deps/react-dom_client.js?v=2fab139d:17803
[  221614ms] [INFO] %cDownload the React DevTools for a better development experience: https://react.dev/link/react-devtools font-weight:bold @ http://[::1]:5173/node_modules/.vite/deps/react-dom_client.js?v=2fab139d:17803
[  223041ms] [INFO] %cDownload the React DevTools for a better development experience: https://react.dev/link/react-devtools font-weight:bold @ http://[::1]:5173/node_modules/.vite/deps/react-dom_client.js?v=2fab139d:17803
[  224221ms] [INFO] %cDownload the React DevTools for a better development experience: https://react.dev/link/react-devtools font-weight:bold @ http://[::1]:5173/node_modules/.vite/deps/react-dom_client.js?v=2fab139d:17803
[  225097ms] [INFO] %cDownload the React DevTools for a better development experience: https://react.dev/link/react-devtools font-weight:bold @ http://[::1]:5173/node_modules/.vite/deps/react-dom_client.js?v=2fab139d:17803
[  225888ms] [INFO] %cDownload the React DevTools for a better development experience: https://react.dev/link/react-devtools font-weight:bold @ http://[::1]:5173/node_modules/.vite/deps/react-dom_client.js?v=2fab139d:17803
[  227152ms] [INFO] %cDownload the React DevTools for a better development experience: https://react.dev/link/react-devtools font-weight:bold @ http://[::1]:5173/node_modules/.vite/deps/react-dom_client.js?v=2fab139d:17803
[  228123ms] [INFO] %cDownload the React DevTools for a better development experience: https://react.dev/link/react-devtools font-weight:bold @ http://[::1]:5173/node_modules/.vite/deps/react-dom_client.js?v=2fab139d:17803
[  229084ms] [INFO] %cDownload the React DevTools for a better development experience: https://react.dev/link/react-devtools font-weight:bold @ http://[::1]:5173/node_modules/.vite/deps/react-dom_client.js?v=2fab139d:17803
[  230625ms] [INFO] %cDownload the React DevTools for a better development experience: https://react.dev/link/react-devtools font-weight:bold @ http://[::1]:5173/node_modules/.vite/deps/react-dom_client.js?v=2fab139d:17803
[  231750ms] [INFO] %cDownload the React DevTools for a better development experience: https://react.dev/link/react-devtools font-weight:bold @ http://[::1]:5173/node_modules/.vite/deps/react-dom_client.js?v=2fab139d:17803
[  233324ms] [INFO] %cDownload the React DevTools for a better development experience: https://react.dev/link/react-devtools font-weight:bold @ http://[::1]:5173/node_modules/.vite/deps/react-dom_client.js?v=2fab139d:17803
[  234253ms] [INFO] %cDownload the React DevTools for a better development experience: https://react.dev/link/react-devtools font-weight:bold @ http://[::1]:5173/node_modules/.vite/deps/react-dom_client.js?v=2fab139d:17803
[  235288ms] [INFO] %cDownload the React DevTools for a better development experience: https://react.dev/link/react-devtools font-weight:bold @ http://[::1]:5173/node_modules/.vite/deps/react-dom_client.js?v=2fab139d:17803
[  236484ms] [INFO] %cDownload the React DevTools for a better development experience: https://react.dev/link/react-devtools font-weight:bold @ http://[::1]:5173/node_modules/.vite/deps/react-dom_client.js?v=2fab139d:17803
[  237277ms] [INFO] %cDownload the React DevTools for a better development experience: https://react.dev/link/react-devtools font-weight:bold @ http://[::1]:5173/node_modules/.vite/deps/react-dom_client.js?v=2fab139d:17803
[  238495ms] [INFO] %cDownload the React DevTools for a better development experience: https://react.dev/link/react-devtools font-weight:bold @ http://[::1]:5173/node_modules/.vite/deps/react-dom_client.js?v=2fab139d:17803
[  239665ms] [INFO] %cDownload the React DevTools for a better development experience: https://react.dev/link/react-devtools font-weight:bold @ http://[::1]:5173/node_modules/.vite/deps/react-dom_client.js?v=2fab139d:17803
[  241420ms] [INFO] %cDownload the React DevTools for a better development experience: https://react.dev/link/react-devtools font-weight:bold @ http://[::1]:5173/node_modules/.vite/deps/react-dom_client.js?v=2fab139d:17803
[  243291ms] [INFO] %cDownload the React DevTools for a better development experience: https://react.dev/link/react-devtools font-weight:bold @ http://[::1]:5173/node_modules/.vite/deps/react-dom_client.js?v=2fab139d:17803
[  244277ms] [INFO] %cDownload the React DevTools for a better development experience: https://react.dev/link/react-devtools font-weight:bold @ http://[::1]:5173/node_modules/.vite/deps/react-dom_client.js?v=2fab139d:17803
[  245274ms] [INFO] %cDownload the React DevTools for a better development experience: https://react.dev/link/react-devtools font-weight:bold @ http://[::1]:5173/node_modules/.vite/deps/react-dom_client.js?v=2fab139d:17803
[  246368ms] [INFO] %cDownload the React DevTools for a better development experience: https://react.dev/link/react-devtools font-weight:bold @ http://[::1]:5173/node_modules/.vite/deps/react-dom_client.js?v=2fab139d:17803
[  247267ms] [INFO] %cDownload the React DevTools for a better development experience: https://react.dev/link/react-devtools font-weight:bold @ http://[::1]:5173/node_modules/.vite/deps/react-dom_client.js?v=2fab139d:17803
[  248242ms] [INFO] %cDownload the React DevTools for a better development experience: https://react.dev/link/react-devtools font-weight:bold @ http://[::1]:5173/node_modules/.vite/deps/react-dom_client.js?v=2fab139d:17803
[  249355ms] [INFO] %cDownload the React DevTools for a better development experience: https://react.dev/link/react-devtools font-weight:bold @ http://[::1]:5173/node_modules/.vite/deps/react-dom_client.js?v=2fab139d:17803
[  250291ms] [INFO] %cDownload the React DevTools for a better development experience: https://react.dev/link/react-devtools font-weight:bold @ http://[::1]:5173/node_modules/.vite/deps/react-dom_client.js?v=2fab139d:17803
[  251262ms] [INFO] %cDownload the React DevTools for a better development experience: https://react.dev/link/react-devtools font-weight:bold @ http://[::1]:5173/node_modules/.vite/deps/react-dom_client.js?v=2fab139d:17803
[  252337ms] [INFO] %cDownload the React DevTools for a better development experience: https://react.dev/link/react-devtools font-weight:bold @ http://[::1]:5173/node_modules/.vite/deps/react-dom_client.js?v=2fab139d:17803
[  253264ms] [INFO] %cDownload the React DevTools for a better development experience: https://react.dev/link/react-devtools font-weight:bold @ http://[::1]:5173/node_modules/.vite/deps/react-dom_client.js?v=2fab139d:17803
[  254270ms] [INFO] %cDownload the React DevTools for a better development experience: https://react.dev/link/react-devtools font-weight:bold @ http://[::1]:5173/node_modules/.vite/deps/react-dom_client.js?v=2fab139d:17803
[  255331ms] [INFO] %cDownload the React DevTools for a better development experience: https://react.dev/link/react-devtools font-weight:bold @ http://[::1]:5173/node_modules/.vite/deps/react-dom_client.js?v=2fab139d:17803
[  256260ms] [INFO] %cDownload the React DevTools for a better development experience: https://react.dev/link/react-devtools font-weight:bold @ http://[::1]:5173/node_modules/.vite/deps/react-dom_client.js?v=2fab139d:17803
[  258321ms] [INFO] %cDownload the React DevTools for a better development experience: https://react.dev/link/react-devtools font-weight:bold @ http://[::1]:5173/node_modules/.vite/deps/react-dom_client.js?v=2fab139d:17803
[  259350ms] [INFO] %cDownload the React DevTools for a better development experience: https://react.dev/link/react-devtools font-weight:bold @ http://[::1]:5173/node_modules/.vite/deps/react-dom_client.js?v=2fab139d:17803
[  260449ms] [INFO] %cDownload the React DevTools for a better development experience: https://react.dev/link/react-devtools font-weight:bold @ http://[::1]:5173/node_modules/.vite/deps/react-dom_client.js?v=2fab139d:17803
[  261412ms] [INFO] %cDownload the React DevTools for a better development experience: https://react.dev/link/react-devtools font-weight:bold @ http://[::1]:5173/node_modules/.vite/deps/react-dom_client.js?v=2fab139d:17803
[  262307ms] [INFO] %cDownload the React DevTools for a better development experience: https://react.dev/link/react-devtools font-weight:bold @ http://[::1]:5173/node_modules/.vite/deps/react-dom_client.js?v=2fab139d:17803
[  263281ms] [INFO] %cDownload the React DevTools for a better development experience: https://react.dev/link/react-devtools font-weight:bold @ http://[::1]:5173/node_modules/.vite/deps/react-dom_client.js?v=2fab139d:17803
[  264397ms] [INFO] %cDownload the React DevTools for a better development experience: https://react.dev/link/react-devtools font-weight:bold @ http://[::1]:5173/node_modules/.vite/deps/react-dom_client.js?v=2fab139d:17803
[  265290ms] [INFO] %cDownload the React DevTools for a better development experience: https://react.dev/link/react-devtools font-weight:bold @ http://[::1]:5173/node_modules/.vite/deps/react-dom_client.js?v=2fab139d:17803
[  267521ms] [INFO] %cDownload the React DevTools for a better development experience: https://react.dev/link/react-devtools font-weight:bold @ http://[::1]:5173/node_modules/.vite/deps/react-dom_client.js?v=2fab139d:17803
[  269519ms] [INFO] %cDownload the React DevTools for a better development experience: https://react.dev/link/react-devtools font-weight:bold @ http://[::1]:5173/node_modules/.vite/deps/react-dom_client.js?v=2fab139d:17803
[  271776ms] [INFO] %cDownload the React DevTools for a better development experience: https://react.dev/link/react-devtools font-weight:bold @ http://[::1]:5173/node_modules/.vite/deps/react-dom_client.js?v=2fab139d:17803
[  275957ms] [ERROR] Failed to load resource: net::ERR_CONNECTION_REFUSED @ http://127.0.0.1:8000/favicon.ico:0
[  277179ms] [ERROR] WebSocket connection to 'ws://localhost:8080/app/in13pajbbshqrvadbia5?protocol=7&client=js&version=8.6.0&flash=false' failed:  @ http://[::1]:5173/node_modules/.vite/deps/pusher-js.js?v=2fab139d:3265
