[     639ms] [INFO] %cDownload the React DevTools for a better development experience: https://react.dev/link/react-devtools font-weight:bold @ http://[::1]:5173/node_modules/.vite/deps/react-dom_client.js?v=322c2dfb:17803
[   17276ms] TypeError: Cannot read properties of undefined (reading 'toString')
    at preview.url (http://[::1]:5173/resources/js/actions/App/Http/Controllers/SiteEditorController.ts:119:73)
    at preview (http://[::1]:5173/resources/js/actions/App/Http/Controllers/SiteEditorController.ts:97:16)
    at onClick (http://[::1]:5173/resources/js/pages/projects/editor.tsx?t=1787739498112:88:105)
    at processDispatchQueue (http://[::1]:5173/node_modules/.vite/deps/react-dom_client.js?v=322c2dfb:11577:19)
    at http://[::1]:5173/node_modules/.vite/deps/react-dom_client.js?v=322c2dfb:11988:11
    at batchedUpdates$1 (http://[::1]:5173/node_modules/.vite/deps/react-dom_client.js?v=322c2dfb:2539:42)
    at dispatchEventForPluginEventSystem (http://[::1]:5173/node_modules/.vite/deps/react-dom_client.js?v=322c2dfb:11683:9)
    at dispatchEvent (http://[::1]:5173/node_modules/.vite/deps/react-dom_client.js?v=322c2dfb:14608:13)
    at dispatchDiscreteEvent (http://[::1]:5173/node_modules/.vite/deps/react-dom_client.js?v=322c2dfb:14589:62)
[   20329ms] TypeError: Cannot read properties of undefined (reading 'toString')
    at preview.url (http://[::1]:5173/resources/js/actions/App/Http/Controllers/SiteEditorController.ts:119:73)
    at preview (http://[::1]:5173/resources/js/actions/App/Http/Controllers/SiteEditorController.ts:97:16)
    at onClick (http://[::1]:5173/resources/js/pages/projects/editor.tsx?t=1787739498112:88:105)
    at processDispatchQueue (http://[::1]:5173/node_modules/.vite/deps/react-dom_client.js?v=322c2dfb:11577:19)
    at http://[::1]:5173/node_modules/.vite/deps/react-dom_client.js?v=322c2dfb:11988:11
    at batchedUpdates$1 (http://[::1]:5173/node_modules/.vite/deps/react-dom_client.js?v=322c2dfb:2539:42)
    at dispatchEventForPluginEventSystem (http://[::1]:5173/node_modules/.vite/deps/react-dom_client.js?v=322c2dfb:11683:9)
    at dispatchEvent (http://[::1]:5173/node_modules/.vite/deps/react-dom_client.js?v=322c2dfb:14608:13)
    at dispatchDiscreteEvent (http://[::1]:5173/node_modules/.vite/deps/react-dom_client.js?v=322c2dfb:14589:62)
[   20575ms] TypeError: Cannot read properties of undefined (reading 'toString')
    at preview.url (http://[::1]:5173/resources/js/actions/App/Http/Controllers/SiteEditorController.ts:119:73)
    at preview (http://[::1]:5173/resources/js/actions/App/Http/Controllers/SiteEditorController.ts:97:16)
    at onClick (http://[::1]:5173/resources/js/pages/projects/editor.tsx?t=1787739498112:88:105)
    at processDispatchQueue (http://[::1]:5173/node_modules/.vite/deps/react-dom_client.js?v=322c2dfb:11577:19)
    at http://[::1]:5173/node_modules/.vite/deps/react-dom_client.js?v=322c2dfb:11988:11
    at batchedUpdates$1 (http://[::1]:5173/node_modules/.vite/deps/react-dom_client.js?v=322c2dfb:2539:42)
    at dispatchEventForPluginEventSystem (http://[::1]:5173/node_modules/.vite/deps/react-dom_client.js?v=322c2dfb:11683:9)
    at dispatchEvent (http://[::1]:5173/node_modules/.vite/deps/react-dom_client.js?v=322c2dfb:14608:13)
    at dispatchDiscreteEvent (http://[::1]:5173/node_modules/.vite/deps/react-dom_client.js?v=322c2dfb:14589:62)
[   20793ms] TypeError: Cannot read properties of undefined (reading 'toString')
    at preview.url (http://[::1]:5173/resources/js/actions/App/Http/Controllers/SiteEditorController.ts:119:73)
    at preview (http://[::1]:5173/resources/js/actions/App/Http/Controllers/SiteEditorController.ts:97:16)
    at onClick (http://[::1]:5173/resources/js/pages/projects/editor.tsx?t=1787739498112:88:105)
    at processDispatchQueue (http://[::1]:5173/node_modules/.vite/deps/react-dom_client.js?v=322c2dfb:11577:19)
    at http://[::1]:5173/node_modules/.vite/deps/react-dom_client.js?v=322c2dfb:11988:11
    at batchedUpdates$1 (http://[::1]:5173/node_modules/.vite/deps/react-dom_client.js?v=322c2dfb:2539:42)
    at dispatchEventForPluginEventSystem (http://[::1]:5173/node_modules/.vite/deps/react-dom_client.js?v=322c2dfb:11683:9)
    at dispatchEvent (http://[::1]:5173/node_modules/.vite/deps/react-dom_client.js?v=322c2dfb:14608:13)
    at dispatchDiscreteEvent (http://[::1]:5173/node_modules/.vite/deps/react-dom_client.js?v=322c2dfb:14589:62)
[   20998ms] TypeError: Cannot read properties of undefined (reading 'toString')
    at preview.url (http://[::1]:5173/resources/js/actions/App/Http/Controllers/SiteEditorController.ts:119:73)
    at preview (http://[::1]:5173/resources/js/actions/App/Http/Controllers/SiteEditorController.ts:97:16)
    at onClick (http://[::1]:5173/resources/js/pages/projects/editor.tsx?t=1787739498112:88:105)
    at processDispatchQueue (http://[::1]:5173/node_modules/.vite/deps/react-dom_client.js?v=322c2dfb:11577:19)
    at http://[::1]:5173/node_modules/.vite/deps/react-dom_client.js?v=322c2dfb:11988:11
    at batchedUpdates$1 (http://[::1]:5173/node_modules/.vite/deps/react-dom_client.js?v=322c2dfb:2539:42)
    at dispatchEventForPluginEventSystem (http://[::1]:5173/node_modules/.vite/deps/react-dom_client.js?v=322c2dfb:11683:9)
    at dispatchEvent (http://[::1]:5173/node_modules/.vite/deps/react-dom_client.js?v=322c2dfb:14608:13)
    at dispatchDiscreteEvent (http://[::1]:5173/node_modules/.vite/deps/react-dom_client.js?v=322c2dfb:14589:62)
[   21199ms] TypeError: Cannot read properties of undefined (reading 'toString')
    at preview.url (http://[::1]:5173/resources/js/actions/App/Http/Controllers/SiteEditorController.ts:119:73)
    at preview (http://[::1]:5173/resources/js/actions/App/Http/Controllers/SiteEditorController.ts:97:16)
    at onClick (http://[::1]:5173/resources/js/pages/projects/editor.tsx?t=1787739498112:88:105)
    at processDispatchQueue (http://[::1]:5173/node_modules/.vite/deps/react-dom_client.js?v=322c2dfb:11577:19)
    at http://[::1]:5173/node_modules/.vite/deps/react-dom_client.js?v=322c2dfb:11988:11
    at batchedUpdates$1 (http://[::1]:5173/node_modules/.vite/deps/react-dom_client.js?v=322c2dfb:2539:42)
    at dispatchEventForPluginEventSystem (http://[::1]:5173/node_modules/.vite/deps/react-dom_client.js?v=322c2dfb:11683:9)
    at dispatchEvent (http://[::1]:5173/node_modules/.vite/deps/react-dom_client.js?v=322c2dfb:14608:13)
    at dispatchDiscreteEvent (http://[::1]:5173/node_modules/.vite/deps/react-dom_client.js?v=322c2dfb:14589:62)
[   21424ms] TypeError: Cannot read properties of undefined (reading 'toString')
    at preview.url (http://[::1]:5173/resources/js/actions/App/Http/Controllers/SiteEditorController.ts:119:73)
    at preview (http://[::1]:5173/resources/js/actions/App/Http/Controllers/SiteEditorController.ts:97:16)
    at onClick (http://[::1]:5173/resources/js/pages/projects/editor.tsx?t=1787739498112:88:105)
    at processDispatchQueue (http://[::1]:5173/node_modules/.vite/deps/react-dom_client.js?v=322c2dfb:11577:19)
    at http://[::1]:5173/node_modules/.vite/deps/react-dom_client.js?v=322c2dfb:11988:11
    at batchedUpdates$1 (http://[::1]:5173/node_modules/.vite/deps/react-dom_client.js?v=322c2dfb:2539:42)
    at dispatchEventForPluginEventSystem (http://[::1]:5173/node_modules/.vite/deps/react-dom_client.js?v=322c2dfb:11683:9)
    at dispatchEvent (http://[::1]:5173/node_modules/.vite/deps/react-dom_client.js?v=322c2dfb:14608:13)
    at dispatchDiscreteEvent (http://[::1]:5173/node_modules/.vite/deps/react-dom_client.js?v=322c2dfb:14589:62)
[   29430ms] TypeError: Cannot read properties of undefined (reading 'toString')
    at preview.url (http://[::1]:5173/resources/js/actions/App/Http/Controllers/SiteEditorController.ts:119:73)
    at preview (http://[::1]:5173/resources/js/actions/App/Http/Controllers/SiteEditorController.ts:97:16)
    at onClick (http://[::1]:5173/resources/js/pages/projects/editor.tsx?t=1787739498112:88:105)
    at processDispatchQueue (http://[::1]:5173/node_modules/.vite/deps/react-dom_client.js?v=322c2dfb:11577:19)
    at http://[::1]:5173/node_modules/.vite/deps/react-dom_client.js?v=322c2dfb:11988:11
    at batchedUpdates$1 (http://[::1]:5173/node_modules/.vite/deps/react-dom_client.js?v=322c2dfb:2539:42)
    at dispatchEventForPluginEventSystem (http://[::1]:5173/node_modules/.vite/deps/react-dom_client.js?v=322c2dfb:11683:9)
    at dispatchEvent (http://[::1]:5173/node_modules/.vite/deps/react-dom_client.js?v=322c2dfb:14608:13)
    at dispatchDiscreteEvent (http://[::1]:5173/node_modules/.vite/deps/react-dom_client.js?v=322c2dfb:14589:62)
[   29847ms] TypeError: Cannot read properties of undefined (reading 'toString')
    at preview.url (http://[::1]:5173/resources/js/actions/App/Http/Controllers/SiteEditorController.ts:119:73)
    at preview (http://[::1]:5173/resources/js/actions/App/Http/Controllers/SiteEditorController.ts:97:16)
    at onClick (http://[::1]:5173/resources/js/pages/projects/editor.tsx?t=1787739498112:88:105)
    at processDispatchQueue (http://[::1]:5173/node_modules/.vite/deps/react-dom_client.js?v=322c2dfb:11577:19)
    at http://[::1]:5173/node_modules/.vite/deps/react-dom_client.js?v=322c2dfb:11988:11
    at batchedUpdates$1 (http://[::1]:5173/node_modules/.vite/deps/react-dom_client.js?v=322c2dfb:2539:42)
    at dispatchEventForPluginEventSystem (http://[::1]:5173/node_modules/.vite/deps/react-dom_client.js?v=322c2dfb:11683:9)
    at dispatchEvent (http://[::1]:5173/node_modules/.vite/deps/react-dom_client.js?v=322c2dfb:14608:13)
    at dispatchDiscreteEvent (http://[::1]:5173/node_modules/.vite/deps/react-dom_client.js?v=322c2dfb:14589:62)
[   30096ms] TypeError: Cannot read properties of undefined (reading 'toString')
    at preview.url (http://[::1]:5173/resources/js/actions/App/Http/Controllers/SiteEditorController.ts:119:73)
    at preview (http://[::1]:5173/resources/js/actions/App/Http/Controllers/SiteEditorController.ts:97:16)
    at onClick (http://[::1]:5173/resources/js/pages/projects/editor.tsx?t=1787739498112:88:105)
    at processDispatchQueue (http://[::1]:5173/node_modules/.vite/deps/react-dom_client.js?v=322c2dfb:11577:19)
    at http://[::1]:5173/node_modules/.vite/deps/react-dom_client.js?v=322c2dfb:11988:11
    at batchedUpdates$1 (http://[::1]:5173/node_modules/.vite/deps/react-dom_client.js?v=322c2dfb:2539:42)
    at dispatchEventForPluginEventSystem (http://[::1]:5173/node_modules/.vite/deps/react-dom_client.js?v=322c2dfb:11683:9)
    at dispatchEvent (http://[::1]:5173/node_modules/.vite/deps/react-dom_client.js?v=322c2dfb:14608:13)
    at dispatchDiscreteEvent (http://[::1]:5173/node_modules/.vite/deps/react-dom_client.js?v=322c2dfb:14589:62)
[   30727ms] TypeError: Cannot read properties of undefined (reading 'toString')
    at preview.url (http://[::1]:5173/resources/js/actions/App/Http/Controllers/SiteEditorController.ts:119:73)
    at preview (http://[::1]:5173/resources/js/actions/App/Http/Controllers/SiteEditorController.ts:97:16)
    at onClick (http://[::1]:5173/resources/js/pages/projects/editor.tsx?t=1787739498112:88:105)
    at processDispatchQueue (http://[::1]:5173/node_modules/.vite/deps/react-dom_client.js?v=322c2dfb:11577:19)
    at http://[::1]:5173/node_modules/.vite/deps/react-dom_client.js?v=322c2dfb:11988:11
    at batchedUpdates$1 (http://[::1]:5173/node_modules/.vite/deps/react-dom_client.js?v=322c2dfb:2539:42)
    at dispatchEventForPluginEventSystem (http://[::1]:5173/node_modules/.vite/deps/react-dom_client.js?v=322c2dfb:11683:9)
    at dispatchEvent (http://[::1]:5173/node_modules/.vite/deps/react-dom_client.js?v=322c2dfb:14608:13)
    at dispatchDiscreteEvent (http://[::1]:5173/node_modules/.vite/deps/react-dom_client.js?v=322c2dfb:14589:62)
[   30944ms] TypeError: Cannot read properties of undefined (reading 'toString')
    at preview.url (http://[::1]:5173/resources/js/actions/App/Http/Controllers/SiteEditorController.ts:119:73)
    at preview (http://[::1]:5173/resources/js/actions/App/Http/Controllers/SiteEditorController.ts:97:16)
    at onClick (http://[::1]:5173/resources/js/pages/projects/editor.tsx?t=1787739498112:88:105)
    at processDispatchQueue (http://[::1]:5173/node_modules/.vite/deps/react-dom_client.js?v=322c2dfb:11577:19)
    at http://[::1]:5173/node_modules/.vite/deps/react-dom_client.js?v=322c2dfb:11988:11
    at batchedUpdates$1 (http://[::1]:5173/node_modules/.vite/deps/react-dom_client.js?v=322c2dfb:2539:42)
    at dispatchEventForPluginEventSystem (http://[::1]:5173/node_modules/.vite/deps/react-dom_client.js?v=322c2dfb:11683:9)
    at dispatchEvent (http://[::1]:5173/node_modules/.vite/deps/react-dom_client.js?v=322c2dfb:14608:13)
    at dispatchDiscreteEvent (http://[::1]:5173/node_modules/.vite/deps/react-dom_client.js?v=322c2dfb:14589:62)
[   31118ms] TypeError: Cannot read properties of undefined (reading 'toString')
    at preview.url (http://[::1]:5173/resources/js/actions/App/Http/Controllers/SiteEditorController.ts:119:73)
    at preview (http://[::1]:5173/resources/js/actions/App/Http/Controllers/SiteEditorController.ts:97:16)
    at onClick (http://[::1]:5173/resources/js/pages/projects/editor.tsx?t=1787739498112:88:105)
    at processDispatchQueue (http://[::1]:5173/node_modules/.vite/deps/react-dom_client.js?v=322c2dfb:11577:19)
    at http://[::1]:5173/node_modules/.vite/deps/react-dom_client.js?v=322c2dfb:11988:11
    at batchedUpdates$1 (http://[::1]:5173/node_modules/.vite/deps/react-dom_client.js?v=322c2dfb:2539:42)
    at dispatchEventForPluginEventSystem (http://[::1]:5173/node_modules/.vite/deps/react-dom_client.js?v=322c2dfb:11683:9)
    at dispatchEvent (http://[::1]:5173/node_modules/.vite/deps/react-dom_client.js?v=322c2dfb:14608:13)
    at dispatchDiscreteEvent (http://[::1]:5173/node_modules/.vite/deps/react-dom_client.js?v=322c2dfb:14589:62)
[   31302ms] TypeError: Cannot read properties of undefined (reading 'toString')
    at preview.url (http://[::1]:5173/resources/js/actions/App/Http/Controllers/SiteEditorController.ts:119:73)
    at preview (http://[::1]:5173/resources/js/actions/App/Http/Controllers/SiteEditorController.ts:97:16)
    at onClick (http://[::1]:5173/resources/js/pages/projects/editor.tsx?t=1787739498112:88:105)
    at processDispatchQueue (http://[::1]:5173/node_modules/.vite/deps/react-dom_client.js?v=322c2dfb:11577:19)
    at http://[::1]:5173/node_modules/.vite/deps/react-dom_client.js?v=322c2dfb:11988:11
    at batchedUpdates$1 (http://[::1]:5173/node_modules/.vite/deps/react-dom_client.js?v=322c2dfb:2539:42)
    at dispatchEventForPluginEventSystem (http://[::1]:5173/node_modules/.vite/deps/react-dom_client.js?v=322c2dfb:11683:9)
    at dispatchEvent (http://[::1]:5173/node_modules/.vite/deps/react-dom_client.js?v=322c2dfb:14608:13)
    at dispatchDiscreteEvent (http://[::1]:5173/node_modules/.vite/deps/react-dom_client.js?v=322c2dfb:14589:62)
[   31472ms] TypeError: Cannot read properties of undefined (reading 'toString')
    at preview.url (http://[::1]:5173/resources/js/actions/App/Http/Controllers/SiteEditorController.ts:119:73)
    at preview (http://[::1]:5173/resources/js/actions/App/Http/Controllers/SiteEditorController.ts:97:16)
    at onClick (http://[::1]:5173/resources/js/pages/projects/editor.tsx?t=1787739498112:88:105)
    at processDispatchQueue (http://[::1]:5173/node_modules/.vite/deps/react-dom_client.js?v=322c2dfb:11577:19)
    at http://[::1]:5173/node_modules/.vite/deps/react-dom_client.js?v=322c2dfb:11988:11
    at batchedUpdates$1 (http://[::1]:5173/node_modules/.vite/deps/react-dom_client.js?v=322c2dfb:2539:42)
    at dispatchEventForPluginEventSystem (http://[::1]:5173/node_modules/.vite/deps/react-dom_client.js?v=322c2dfb:11683:9)
    at dispatchEvent (http://[::1]:5173/node_modules/.vite/deps/react-dom_client.js?v=322c2dfb:14608:13)
    at dispatchDiscreteEvent (http://[::1]:5173/node_modules/.vite/deps/react-dom_client.js?v=322c2dfb:14589:62)
[   31694ms] TypeError: Cannot read properties of undefined (reading 'toString')
    at preview.url (http://[::1]:5173/resources/js/actions/App/Http/Controllers/SiteEditorController.ts:119:73)
    at preview (http://[::1]:5173/resources/js/actions/App/Http/Controllers/SiteEditorController.ts:97:16)
    at onClick (http://[::1]:5173/resources/js/pages/projects/editor.tsx?t=1787739498112:88:105)
    at processDispatchQueue (http://[::1]:5173/node_modules/.vite/deps/react-dom_client.js?v=322c2dfb:11577:19)
    at http://[::1]:5173/node_modules/.vite/deps/react-dom_client.js?v=322c2dfb:11988:11
    at batchedUpdates$1 (http://[::1]:5173/node_modules/.vite/deps/react-dom_client.js?v=322c2dfb:2539:42)
    at dispatchEventForPluginEventSystem (http://[::1]:5173/node_modules/.vite/deps/react-dom_client.js?v=322c2dfb:11683:9)
    at dispatchEvent (http://[::1]:5173/node_modules/.vite/deps/react-dom_client.js?v=322c2dfb:14608:13)
    at dispatchDiscreteEvent (http://[::1]:5173/node_modules/.vite/deps/react-dom_client.js?v=322c2dfb:14589:62)
[   31893ms] TypeError: Cannot read properties of undefined (reading 'toString')
    at preview.url (http://[::1]:5173/resources/js/actions/App/Http/Controllers/SiteEditorController.ts:119:73)
    at preview (http://[::1]:5173/resources/js/actions/App/Http/Controllers/SiteEditorController.ts:97:16)
    at onClick (http://[::1]:5173/resources/js/pages/projects/editor.tsx?t=1787739498112:88:105)
    at processDispatchQueue (http://[::1]:5173/node_modules/.vite/deps/react-dom_client.js?v=322c2dfb:11577:19)
    at http://[::1]:5173/node_modules/.vite/deps/react-dom_client.js?v=322c2dfb:11988:11
    at batchedUpdates$1 (http://[::1]:5173/node_modules/.vite/deps/react-dom_client.js?v=322c2dfb:2539:42)
    at dispatchEventForPluginEventSystem (http://[::1]:5173/node_modules/.vite/deps/react-dom_client.js?v=322c2dfb:11683:9)
    at dispatchEvent (http://[::1]:5173/node_modules/.vite/deps/react-dom_client.js?v=322c2dfb:14608:13)
    at dispatchDiscreteEvent (http://[::1]:5173/node_modules/.vite/deps/react-dom_client.js?v=322c2dfb:14589:62)
[   32094ms] TypeError: Cannot read properties of undefined (reading 'toString')
    at preview.url (http://[::1]:5173/resources/js/actions/App/Http/Controllers/SiteEditorController.ts:119:73)
    at preview (http://[::1]:5173/resources/js/actions/App/Http/Controllers/SiteEditorController.ts:97:16)
    at onClick (http://[::1]:5173/resources/js/pages/projects/editor.tsx?t=1787739498112:88:105)
    at processDispatchQueue (http://[::1]:5173/node_modules/.vite/deps/react-dom_client.js?v=322c2dfb:11577:19)
    at http://[::1]:5173/node_modules/.vite/deps/react-dom_client.js?v=322c2dfb:11988:11
    at batchedUpdates$1 (http://[::1]:5173/node_modules/.vite/deps/react-dom_client.js?v=322c2dfb:2539:42)
    at dispatchEventForPluginEventSystem (http://[::1]:5173/node_modules/.vite/deps/react-dom_client.js?v=322c2dfb:11683:9)
    at dispatchEvent (http://[::1]:5173/node_modules/.vite/deps/react-dom_client.js?v=322c2dfb:14608:13)
    at dispatchDiscreteEvent (http://[::1]:5173/node_modules/.vite/deps/react-dom_client.js?v=322c2dfb:14589:62)
